  Determining projects to restore...
  All projects are up-to-date for restore.
  Rvnx.CRM.Core -> /app/Rvnx.CRM.Core/bin/Debug/net8.0/Rvnx.CRM.Core.dll
  Rvnx.CRM.Infrastructure -> /app/Rvnx.CRM.Infrastructure/bin/Debug/net8.0/Rvnx.CRM.Infrastructure.dll
  Rvnx.CRM.ConsoleApp -> /app/Rvnx.CRM.ConsoleApp/bin/Debug/net8.0/Rvnx.CRM.ConsoleApp.dll
  Rvnx.CRM.Web -> /app/Rvnx.CRM.Web/bin/Debug/net8.0/Rvnx.CRM.Web.dll
  Rvnx.CRM.Tests -> /app/Rvnx.CRM.Tests/bin/Debug/net8.0/Rvnx.CRM.Tests.dll

Build succeeded.
    0 Warning(s)
    0 Error(s)

Time Elapsed 00:00:06.93
